// Jest Snapshot v1, https://goo.gl/fbAQLP

exports[`changes class on hover 1`] = `null`;
